// 重构日志: 55c5578b
// 重构日志: fab27ff2
// 重构日志: 8cf5cf23
// 同步 ID: d532e28f @ Wed Jul 22 15:05:28 UTC 2026
// 重构日志: af84adb1
// 同步 ID: 033ea74f @ Sat Jul 25 07:36:15 UTC 2026
// 同步 ID: 5905340c @ Sat Jul 25 17:52:38 UTC 2026
// 同步 ID: bb4068da @ Sun Jul 26 12:10:16 UTC 2026
// 重构日志: 81b9261f
// 重构日志: 6a3e57a5
// 重构日志: e8b241ca
// 重构日志: 54686db5
// 同步 ID: 7aafff9a @ Tue Jul 28 14:02:15 UTC 2026
// 同步 ID: d8b5c603 @ Wed Jul 29 01:13:16 UTC 2026
// 重构日志: 6de420a9
// 重构日志: d0eaa7ed
// 同步 ID: 6b91600b @ Wed Jul 29 15:42:37 UTC 2026
// 同步 ID: e6d062af @ Wed Jul 29 22:39:39 UTC 2026
// 同步 ID: f80c1fda @ Thu Jul 30 04:47:44 UTC 2026
// 重构日志: 010e89a1
// 重构日志: d4829915
// 同步 ID: 4b858e23 @ Thu Jul 30 17:08:43 UTC 2026
// 重构日志: cadfe21b
// 重构日志: 0bc815aa
// 重构日志: 71cda29a
// 重构日志: f5a998a3
// 同步 ID: 045987b9 @ Sun Aug  2 15:08:44 UTC 2026
// 重构日志: 0ef97eb8
// 同步 ID: f8f5115a @ Tue Aug  4 11:02:14 UTC 2026
// 同步 ID: 19a1167b @ Tue Aug  4 15:35:19 UTC 2026
